../Middlewares/Third_Party/FatFs/src/ff.c:2444:6:get_fileinfo	32	static
../Middlewares/Third_Party/FatFs/src/ff.c:2965:6:check_fs	16	static
../Middlewares/Third_Party/FatFs/src/ff.c:2993:9:find_volume.constprop	32	static
../Middlewares/Third_Party/FatFs/src/ff.c:1001:7:get_fat	24	static
../Middlewares/Third_Party/FatFs/src/ff.c:1519:9:dir_next.constprop	24	static
../Middlewares/Third_Party/FatFs/src/ff.c:2131:9:dir_read.constprop	48	static
../Middlewares/Third_Party/FatFs/src/ff.c:1470:9:dir_sdi.constprop	40	static
../Middlewares/Third_Party/FatFs/src/ff.c:2813:9:follow_path	72	static
../Middlewares/Third_Party/FatFs/src/ff.c:3260:9:f_mount	16	static
../Middlewares/Third_Party/FatFs/src/ff.c:3308:9:f_open	112	static
../Middlewares/Third_Party/FatFs/src/ff.c:3511:9:f_read	48	static
../Middlewares/Third_Party/FatFs/src/ff.c:3813:9:f_close	8	static
../Middlewares/Third_Party/FatFs/src/ff.c:4001:9:f_lseek	64	static
../Middlewares/Third_Party/FatFs/src/ff.c:4162:9:f_opendir	32	static
../Middlewares/Third_Party/FatFs/src/ff.c:4232:9:f_closedir	8	static
../Middlewares/Third_Party/FatFs/src/ff.c:4265:9:f_readdir	16	static
../Middlewares/Third_Party/FatFs/src/ff.c:4353:9:f_stat	104	static
../Middlewares/Third_Party/FatFs/src/ff.c:5830:8:f_gets	72	static
