../Src/bsp_driver_sd.c:79:16:BSP_SD_ITConfig	0	static
../Src/bsp_driver_sd.c:99:16:BSP_SD_ReadBlocks	16	static
../Src/bsp_driver_sd.c:122:16:BSP_SD_WriteBlocks	16	static
../Src/bsp_driver_sd.c:144:16:BSP_SD_ReadBlocks_DMA	8	static
../Src/bsp_driver_sd.c:167:16:BSP_SD_WriteBlocks_DMA	8	static
../Src/bsp_driver_sd.c:189:16:BSP_SD_Erase	8	static
../Src/bsp_driver_sd.c:213:16:BSP_SD_GetCardState	8	static
../Src/bsp_driver_sd.c:223:13:BSP_SD_GetCardInfo	8	static
../Src/bsp_driver_sd.c:267:13:BSP_SD_AbortCallback	0	static
../Src/bsp_driver_sd.c:237:6:HAL_SD_AbortCallback	8	static
../Src/bsp_driver_sd.c:276:13:BSP_SD_WriteCpltCallback	0	static
../Src/bsp_driver_sd.c:247:6:HAL_SD_TxCpltCallback	8	static
../Src/bsp_driver_sd.c:285:13:BSP_SD_ReadCpltCallback	0	static
../Src/bsp_driver_sd.c:257:6:HAL_SD_RxCpltCallback	8	static
../Src/bsp_driver_sd.c:297:16:BSP_SD_IsDetected	16	static
../Src/bsp_driver_sd.c:48:16:BSP_SD_Init	16	static
