../Src/display.c:58:6:dbgAddText	16	static
../Src/display.c:67:17:Color_Convertion	24	static
../Src/display.c:77:6:ClearLayer	24	static
../Src/display.c:90:6:ChangeLayers	8	static
../Src/display.c:103:6:DrawMenu	304	static
../Src/display.c:217:6:DrawLowSpectrum	40	static
../Src/display.c:434:6:SetBeatGrid	16	static
../Src/display.c:461:6:DrawElement	32	static
../Src/display.c:480:6:DrawSpectrum	544	dynamic
../Src/display.c:611:6:VLine	40	static
../Src/display.c:633:6:HLine	40	static
../Src/display.c:654:6:Rectangle	40	static
../Src/display.c:666:6:Pixel	24	static
../Src/display.c:671:6:DrawDigit	24	static
../Src/display.c:854:6:DrawString	56	static
../Src/display.c:947:10:QuantizePosition	32	static
