../Src/stm32f7xx_it.c:149:6:NMI_Handler	0	static
../Src/stm32f7xx_it.c:162:6:HardFault_Handler	0	static
../Src/stm32f7xx_it.c:177:6:MemManage_Handler	0	static
../Src/stm32f7xx_it.c:192:6:BusFault_Handler	0	static
../Src/stm32f7xx_it.c:207:6:UsageFault_Handler	0	static
../Src/stm32f7xx_it.c:222:6:SVC_Handler	0	static
../Src/stm32f7xx_it.c:235:6:DebugMon_Handler	0	static
../Src/stm32f7xx_it.c:248:6:PendSV_Handler	0	static
../Src/stm32f7xx_it.c:261:6:SysTick_Handler	0	static
../Src/stm32f7xx_it.c:282:6:EXTI0_IRQHandler	8	static
../Src/stm32f7xx_it.c:296:6:EXTI2_IRQHandler	0	static
../Src/stm32f7xx_it.c:310:6:TIM1_BRK_TIM9_IRQHandler	8	static
../Src/stm32f7xx_it.c:338:6:TIM4_IRQHandler	8	static
../Src/stm32f7xx_it.c:358:6:SPI2_IRQHandler	0	static
../Src/stm32f7xx_it.c:375:6:EXTI15_10_IRQHandler	48	static
../Src/stm32f7xx_it.c:527:6:TIM8_UP_TIM13_IRQHandler	0	static
../Src/stm32f7xx_it.c:547:6:TIM5_IRQHandler	16	static
../Src/stm32f7xx_it.c:572:6:TIM6_DAC_IRQHandler	8	static
../Src/stm32f7xx_it.c:589:6:TIM7_IRQHandler	0	static
../Src/stm32f7xx_it.c:604:6:DMA2_Stream4_IRQHandler	0	static
../Src/stm32f7xx_it.c:618:6:OTG_FS_IRQHandler	0	static
../Src/stm32f7xx_it.c:632:6:OTG_HS_IRQHandler	0	static
../Src/stm32f7xx_it.c:649:6:HAL_SPI_TxRxCpltCallback	24	static
