../Src/stm32f7xx_it.c:146:6:NMI_Handler	0	static
../Src/stm32f7xx_it.c:159:6:HardFault_Handler	0	static
../Src/stm32f7xx_it.c:174:6:MemManage_Handler	0	static
../Src/stm32f7xx_it.c:189:6:BusFault_Handler	0	static
../Src/stm32f7xx_it.c:204:6:UsageFault_Handler	0	static
../Src/stm32f7xx_it.c:219:6:SVC_Handler	0	static
../Src/stm32f7xx_it.c:232:6:DebugMon_Handler	0	static
../Src/stm32f7xx_it.c:245:6:PendSV_Handler	0	static
../Src/stm32f7xx_it.c:258:6:SysTick_Handler	8	static
../Src/stm32f7xx_it.c:279:6:EXTI0_IRQHandler	8	static
../Src/stm32f7xx_it.c:293:6:EXTI2_IRQHandler	8	static
../Src/stm32f7xx_it.c:307:6:TIM1_BRK_TIM9_IRQHandler	8	static
../Src/stm32f7xx_it.c:335:6:TIM4_IRQHandler	8	static
../Src/stm32f7xx_it.c:355:6:SPI2_IRQHandler	8	static
../Src/stm32f7xx_it.c:369:6:EXTI15_10_IRQHandler	16	static
../Src/stm32f7xx_it.c:521:6:TIM8_UP_TIM13_IRQHandler	8	static
../Src/stm32f7xx_it.c:541:6:TIM5_IRQHandler	8	static
../Src/stm32f7xx_it.c:566:6:TIM6_DAC_IRQHandler	8	static
../Src/stm32f7xx_it.c:583:6:TIM7_IRQHandler	8	static
../Src/stm32f7xx_it.c:598:6:DMA2_Stream4_IRQHandler	8	static
../Src/stm32f7xx_it.c:612:6:OTG_FS_IRQHandler	8	static
../Src/stm32f7xx_it.c:624:6:HAL_SPI_TxRxCpltCallback	24	static
