../Src/stm32f7xx_it.c:147:6:NMI_Handler	0	static
../Src/stm32f7xx_it.c:160:6:HardFault_Handler	0	static
../Src/stm32f7xx_it.c:175:6:MemManage_Handler	0	static
../Src/stm32f7xx_it.c:190:6:BusFault_Handler	0	static
../Src/stm32f7xx_it.c:205:6:UsageFault_Handler	0	static
../Src/stm32f7xx_it.c:220:6:SVC_Handler	0	static
../Src/stm32f7xx_it.c:233:6:DebugMon_Handler	0	static
../Src/stm32f7xx_it.c:246:6:PendSV_Handler	0	static
../Src/stm32f7xx_it.c:259:6:SysTick_Handler	0	static
../Src/stm32f7xx_it.c:280:6:EXTI0_IRQHandler	8	static
../Src/stm32f7xx_it.c:294:6:EXTI2_IRQHandler	0	static
../Src/stm32f7xx_it.c:308:6:TIM1_BRK_TIM9_IRQHandler	8	static
../Src/stm32f7xx_it.c:336:6:TIM4_IRQHandler	8	static
../Src/stm32f7xx_it.c:356:6:SPI2_IRQHandler	0	static
../Src/stm32f7xx_it.c:373:6:EXTI15_10_IRQHandler	48	static
../Src/stm32f7xx_it.c:525:6:TIM8_UP_TIM13_IRQHandler	0	static
../Src/stm32f7xx_it.c:545:6:TIM5_IRQHandler	16	static
../Src/stm32f7xx_it.c:570:6:TIM6_DAC_IRQHandler	8	static
../Src/stm32f7xx_it.c:587:6:TIM7_IRQHandler	0	static
../Src/stm32f7xx_it.c:602:6:DMA2_Stream4_IRQHandler	0	static
../Src/stm32f7xx_it.c:616:6:OTG_FS_IRQHandler	0	static
../Src/stm32f7xx_it.c:630:6:OTG_HS_IRQHandler	0	static
../Src/stm32f7xx_it.c:647:6:HAL_SPI_TxRxCpltCallback	24	static
