../Src/stm32746g_discovery_ts.c:146:9:BSP_TS_Init	8	static
../Src/stm32746g_discovery_ts.c:176:9:BSP_TS_DeInit	0	static
../Src/stm32746g_discovery_ts.c:186:9:BSP_TS_ITConfig	32	static
../Src/stm32746g_discovery_ts.c:209:9:BSP_TS_ITGetStatus	0	static
../Src/stm32746g_discovery_ts.c:220:9:BSP_TS_GetState	120	static
../Src/stm32746g_discovery_ts.c:340:9:BSP_TS_Get_GestureId	24	static
../Src/stm32746g_discovery_ts.c:384:6:BSP_TS_ITClear	0	static
../Src/stm32746g_discovery_ts.c:402:9:BSP_TS_ResetTouchData	8	static
../Src/stm32746g_discovery_ts.c:434:6:TS_IO_Init	0	static
../Src/stm32746g_discovery_ts.c:446:6:TS_IO_Write	32	static
../Src/stm32746g_discovery_ts.c:457:9:TS_IO_Read	40	static
../Src/stm32746g_discovery_ts.c:469:6:TS_IO_Delay	0	static
