../Drivers/CMSIS/Include/core_cm7.h:1896:22:__NVIC_EnableIRQ	16	static
../Src/stm32f7xx_it.c:147:6:NMI_Handler	4	static
../Src/stm32f7xx_it.c:160:6:HardFault_Handler	4	static
../Src/stm32f7xx_it.c:175:6:MemManage_Handler	4	static
../Src/stm32f7xx_it.c:190:6:BusFault_Handler	4	static
../Src/stm32f7xx_it.c:205:6:UsageFault_Handler	4	static
../Src/stm32f7xx_it.c:220:6:SVC_Handler	4	static
../Src/stm32f7xx_it.c:233:6:DebugMon_Handler	4	static
../Src/stm32f7xx_it.c:246:6:PendSV_Handler	4	static
../Src/stm32f7xx_it.c:259:6:SysTick_Handler	8	static
../Src/stm32f7xx_it.c:280:6:EXTI0_IRQHandler	8	static
../Src/stm32f7xx_it.c:294:6:EXTI2_IRQHandler	8	static
../Src/stm32f7xx_it.c:308:6:TIM1_BRK_TIM9_IRQHandler	8	static
../Src/stm32f7xx_it.c:336:6:TIM4_IRQHandler	8	static
../Src/stm32f7xx_it.c:356:6:SPI2_IRQHandler	8	static
../Src/stm32f7xx_it.c:370:6:EXTI15_10_IRQHandler	16	static
../Src/stm32f7xx_it.c:522:6:TIM8_UP_TIM13_IRQHandler	8	static
../Src/stm32f7xx_it.c:542:6:TIM5_IRQHandler	8	static
../Src/stm32f7xx_it.c:567:6:TIM6_DAC_IRQHandler	8	static
../Src/stm32f7xx_it.c:584:6:TIM7_IRQHandler	8	static
../Src/stm32f7xx_it.c:599:6:DMA2_Stream4_IRQHandler	8	static
../Src/stm32f7xx_it.c:613:6:OTG_FS_IRQHandler	4	static
../Src/stm32f7xx_it.c:627:6:OTG_HS_IRQHandler	8	static
../Src/stm32f7xx_it.c:639:6:HAL_SPI_TxRxCpltCallback	120	static
